---
source: src/parser/tests.rs
expression: parse(&input)
---
invalid integer
1 |  0000
  |  ^^^^
