---
source: src/parser/tests.rs
expression: parse(&input)
---
StmtLet {
    name: "v",
    value: ExprInt {
        value: 0,
    },
}
ExprInt {
    value: 0,
}
