---
source: src/parser/tests.rs
expression: parse(&input)
---
Fn
  name: "f"
  params: ["a", "b", "c"]
  body: Block []


Fn
  name: "f"
  params: ["a", "b", "c"]
  body: Block []
