---
source: src/parser/tests.rs
expression: parse(&input)
---
ExprInt {
    value: 0,
}
ExprCall {
    callee: ExprIdent {
        name: "f",
    },
    args: [],
}
