---
source: src/parser/tests.rs
expression: parse(&input)
---
ExprStr {
    value: "",
}
ExprStr {
    value: "asdf",
}
ExprStr {
    value: "ðŸ‘½",
}
