---
source: src/parser/tests.rs
expression: parse(&input)
---
expected a semicolon, got TOK_LBRACE
2 |  {}
  |  ^
