---
source: src/parser/tests.rs
expression: parse(&input)
---
ExprInt {
    value: 0,
}
ExprInt {
    value: 1234,
}
